[essential.gg/index.html]
[backblue.gif]
[fade.gif]
[index.html]
[essential.gg/imprint.html]
[static.essential.gg/tile/144x144.png]
[essential.gg/browserconfig.xml]
[essential.gg/sitemap.xml]
[essential.gg/site.webmanifest]
[essential.gg/safari-pinned-tab.svg]
[essential.gg/favicon.ico]
[essential.gg/favicon.svg]
[static.essential.gg/icon/256x256.png]
[static.essential.gg/icon/196x196.png]
[static.essential.gg/icon/160x160.png]
[static.essential.gg/icon/96x96.png]
[static.essential.gg/icon/16x16.png]
[static.essential.gg/icon/32x32.png]
[static.essential.gg/icon/152x152.png]
[static.essential.gg/icon/144x144.png]
[static.essential.gg/icon/120x120.png]
[static.essential.gg/icon/114x114.png]
[static.essential.gg/icon/76x76.png]
[static.essential.gg/icon/72x72.png]
[static.essential.gg/icon/57x57.png]
[essential.gg/en.html]
[assets.essential.gg/stylesheet/home-b4625cf8e00e3fb0.css]
[essential.gg/downloads.html]
[essential.gg/changelog.html]
[essential.gg/true.20.delayed]
[essential.gg/licenses.html]
[essential.gg/privacy-policy.html]
[essential.gg/terms-of-use.html]
[essential.gg/outdated.html]
[assets.essential.gg/ecmascript/polyfills-legacy-DGES9DnNqugysThE.js]
[assets.essential.gg/ecmascript/commons-legacy-1b70ed7075663cf9.js]
[assets.essential.gg/ecmascript/core-legacy-9aa202f93c9263e3.js]
[assets.essential.gg/ecmascript/framework-legacy-9b1bfef5a0d2b748.js]
[assets.essential.gg/ecmascript/animations-legacy-f3810bb52e6513ef.js]
[assets.essential.gg/ecmascript/instance-legacy-90a187b227a07142.js]
[assets.essential.gg/ecmascript/main-legacy-74704b1daa6a0476.js]
[assets.essential.gg/ecmascript/preload-helper-legacy-e211b5f42423bf88.js]
[essential.gg/index.html]
[assets.essential.gg/ecmascript/home-legacy-9e576f635a54ea5d.js]
[essential.gg/imprint.html]
[essential.gg/safari-pinned-tab.svg]
[essential.gg/favicon.svg]
[assets.essential.gg/ecmascript/legal-legacy-524278d73a0bba6c.js]
[essential.gg/en/imprint.html]
[essential.gg/en/downloads.html]
[essential.gg/en/changelog.html]
[essential.gg/en/licenses.html]
[essential.gg/en/privacy-policy.html]
[essential.gg/en.html]
[assets.essential.gg/stylesheet/home-b4625cf8e00e3fb0.css]
[essential.gg/downloads.html]
[assets.essential.gg/stylesheet/downloads-264ec90e3efebae2.css]
[essential.gg/en/terms-of-use.html]
[assets.essential.gg/stylesheet/changelog-78bfff8188d20141.css]
[essential.gg/changelog.html]
[essential.gg/true.html]
[essential.gg/licenses.html]
[assets.essential.gg/ecmascript/changelog-legacy-1ab0546e5eed6139.js]
[essential.gg/privacy-policy.html]
[essential.gg/terms-of-use.html]
[essential.gg/outdated.html]
[essential.gg/en/true.b3.delayed]
[essential.gg/en/imprint.html]
[essential.gg/en/downloads.html]
[essential.gg/en/changelog.html]
[essential.gg/en/licenses.html]
[essential.gg/en/privacy-policy.html]
[essential.gg/en/terms-of-use.html]
[assets.essential.gg/stylesheet/downloads-264ec90e3efebae2.css]
[assets.essential.gg/stylesheet/changelog-78bfff8188d20141.css]
[essential.gg/en/true.html]
